// Jest Snapshot v1, https://goo.gl/fbAQLP

exports[`issue token - snapshot 1`] = `
{
  "BINRepresentation": {
    "inputs": [
      Uint8Array [
        0,
        0,
        175,
        59,
        95,
        173,
        32,
        246,
        249,
        126,
        178,
        16,
        147,
        78,
        148,
        33,
        118,
        247,
        247,
        208,
        247,
        4,
        35,
        89,
        6,
        89,
        238,
        14,
        2,
        23,
        5,
        58,
        124,
        171,
        1,
        0,
        0,
        0,
      ],
    ],
    "outputs": [
      Uint8Array [
        7,
        1,
        16,
        88,
        89,
        90,
        50,
        8,
        92,
        105,
        112,
        102,
        115,
        58,
        47,
        47,
        81,
        109,
        69,
        120,
        97,
        109,
        112,
        108,
        101,
        72,
        97,
        115,
        104,
        49,
        50,
        51,
        0,
        19,
        0,
        0,
        232,
        137,
        4,
        35,
        199,
        138,
        1,
        118,
        148,
        121,
        186,
        231,
        213,
        53,
        208,
        151,
        222,
        253,
        255,
        15,
        78,
        113,
        1,
        102,
        157,
        74,
        25,
        0,
      ],
      Uint8Array [
        0,
        0,
        15,
        224,
        163,
        26,
        138,
        240,
        3,
        6,
        1,
        134,
        236,
        69,
        4,
        87,
        208,
        154,
        217,
        128,
        115,
        147,
        216,
        156,
        236,
        156,
        113,
        214,
        32,
        96,
        33,
      ],
    ],
    "transactionsize": 241,
  },
  "HEXRepresentation_unsigned": "0100040000af3b5fad20f6f97eb210934e942176f7f7d0f70423590659ee0e0217053a7cab010000000807011058595a32085c697066733a2f2f516d4578616d706c654861736831323300130000e8890423c78a01769479bae7d535d097defdff0f4e7101669d4a190000000fe0a31a8af003060186ec450457d09ad9807393d89cec9c71d6206021",
  "JSONRepresentation": {
    "fee": {
      "atoms": "10024100000000",
      "decimal": "100.241",
    },
    "id": "2a8037b03f67e8164e0e7773287be3ff8ca133e94ce4af577147a5bc841c458a",
    "inputs": [
      {
        "input": {
          "index": 1,
          "input_type": "UTXO",
          "source_id": "af3b5fad20f6f97eb210934e942176f7f7d0f70423590659ee0e0217053a7cab",
          "source_type": "Transaction",
        },
        "utxo": {
          "destination": "tmt1qxrwc3gy2lgf4kvqwwfa388vn3cavgrqyyrgswe6",
          "type": "Transfer",
          "value": {
            "amount": {
              "atoms": "1703205604300000",
              "decimal": "17032.056043",
            },
            "type": "Coin",
          },
        },
      },
    ],
    "outputs": [
      {
        "authority": "tmt1q9mfg7d6ul2nt5yhmm7l7r6wwyqkd822rymr83uc",
        "is_freezable": false,
        "metadata_uri": {
          "hex": "697066733a2f2f516d4578616d706c6548617368313233",
          "string": "ipfs://QmExampleHash123",
        },
        "number_of_decimals": 8,
        "token_ticker": {
          "hex": "58595a32",
          "string": "XYZ2",
        },
        "total_supply": {
          "amount": {
            "atoms": "10000000000000000000",
            "decimal": "100000000000",
          },
          "type": "Fixed",
        },
        "type": "IssueFungibleToken",
      },
      {
        "destination": "tmt1qxrwc3gy2lgf4kvqwwfa388vn3cavgrqyyrgswe6",
        "type": "Transfer",
        "value": {
          "amount": {
            "atoms": "1693181504300000",
            "decimal": "16931.815043",
          },
          "type": "Coin",
        },
      },
    ],
  },
  "transaction_id": "2a8037b03f67e8164e0e7773287be3ff8ca133e94ce4af577147a5bc841c458a",
}
`;
