// Jest Snapshot v1, https://goo.gl/fbAQLP

exports[`create order - snapshot 1`] = `
{
  "BINRepresentation": {
    "inputs": [
      Uint8Array [
        0,
        0,
        175,
        59,
        95,
        173,
        32,
        246,
        249,
        126,
        178,
        16,
        147,
        78,
        148,
        33,
        118,
        247,
        247,
        208,
        247,
        4,
        35,
        89,
        6,
        89,
        238,
        14,
        2,
        23,
        5,
        58,
        124,
        171,
        1,
        0,
        0,
        0,
      ],
      Uint8Array [
        0,
        0,
        205,
        206,
        228,
        164,
        72,
        35,
        151,
        140,
        197,
        2,
        69,
        239,
        245,
        24,
        165,
        98,
        196,
        70,
        30,
        116,
        254,
        226,
        206,
        47,
        70,
        202,
        222,
        130,
        47,
        101,
        126,
        13,
        0,
        0,
        0,
        0,
      ],
    ],
    "outputs": [
      Uint8Array [
        11,
        1,
        79,
        234,
        185,
        6,
        214,
        103,
        181,
        108,
        73,
        227,
        200,
        107,
        139,
        249,
        225,
        234,
        16,
        189,
        255,
        45,
        0,
        7,
        0,
        16,
        165,
        212,
        232,
        2,
        144,
        145,
        192,
        148,
        250,
        221,
        226,
        98,
        206,
        143,
        85,
        96,
        205,
        213,
        203,
        226,
        84,
        0,
        209,
        153,
        111,
        208,
        74,
        106,
        42,
        119,
        110,
        240,
        201,
        41,
        117,
        194,
        7,
        0,
        228,
        11,
        84,
        2,
      ],
      Uint8Array [
        0,
        0,
        15,
        224,
        68,
        24,
        228,
        223,
        12,
        6,
        1,
        134,
        236,
        69,
        4,
        87,
        208,
        154,
        217,
        128,
        115,
        147,
        216,
        156,
        236,
        156,
        113,
        214,
        32,
        96,
        33,
      ],
      Uint8Array [
        0,
        2,
        144,
        145,
        192,
        148,
        250,
        221,
        226,
        98,
        206,
        143,
        85,
        96,
        205,
        213,
        203,
        226,
        84,
        0,
        209,
        153,
        111,
        208,
        74,
        106,
        42,
        119,
        110,
        240,
        201,
        41,
        117,
        194,
        7,
        0,
        4,
        107,
        244,
        20,
        1,
        134,
        236,
        69,
        4,
        87,
        208,
        154,
        217,
        128,
        115,
        147,
        216,
        156,
        236,
        156,
        113,
        214,
        32,
        96,
        33,
      ],
    ],
    "transactionsize": 447,
  },
  "HEXRepresentation_unsigned": "0100080000af3b5fad20f6f97eb210934e942176f7f7d0f70423590659ee0e0217053a7cab010000000000cdcee4a44823978cc50245eff518a562c4461e74fee2ce2f46cade822f657e0d000000000c0b014feab906d667b56c49e3c86b8bf9e1ea10bdff2d00070010a5d4e8029091c094fadde262ce8f5560cdd5cbe25400d1996fd04a6a2a776ef0c92975c20700e40b540200000fe04418e4df0c060186ec450457d09ad9807393d89cec9c71d620602100029091c094fadde262ce8f5560cdd5cbe25400d1996fd04a6a2a776ef0c92975c20700046bf4140186ec450457d09ad9807393d89cec9c71d6206021",
  "JSONRepresentation": {
    "inputs": [
      {
        "input": {
          "index": 1,
          "input_type": "UTXO",
          "source_id": "af3b5fad20f6f97eb210934e942176f7f7d0f70423590659ee0e0217053a7cab",
          "source_type": "Transaction",
        },
        "utxo": {
          "destination": "tmt1qxrwc3gy2lgf4kvqwwfa388vn3cavgrqyyrgswe6",
          "type": "Transfer",
          "value": {
            "amount": {
              "atoms": "1703205604300000",
              "decimal": "17032.056043",
            },
            "type": "Coin",
          },
        },
      },
      {
        "input": {
          "index": 0,
          "input_type": "UTXO",
          "source_id": "cdcee4a44823978cc50245eff518a562c4461e74fee2ce2f46cade822f657e0d",
          "source_type": "Transaction",
        },
        "utxo": {
          "destination": "tmt1qyjlh9w9t7qwx7cawlqz6rqwapflsvm3dulgmxyx",
          "type": "Transfer",
          "value": {
            "amount": {
              "atoms": "100000000000",
              "decimal": "1000",
            },
            "token_id": "tmltk1jzgup986mh3x9n5024svm4wtuf2qp5vedlgy5632wah0pjffwhpqgsvmuq",
            "type": "TokenV1",
          },
        },
      },
    ],
    "outputs": [
      {
        "ask_balance": {
          "atoms": "1000000000000",
          "decimal": "10",
        },
        "ask_currency": {
          "type": "Coin",
        },
        "conclude_destination": "tmt1q9874wgx6enm2mzfu0yxhzleu84pp00l95l7er5z",
        "give_balance": {
          "atoms": "10000000000",
          "decimal": "100",
        },
        "give_currency": {
          "token_id": "tmltk1jzgup986mh3x9n5024svm4wtuf2qp5vedlgy5632wah0pjffwhpqgsvmuq",
          "type": "TokenV1",
        },
        "initially_asked": {
          "atoms": "1000000000000",
          "decimal": "10",
        },
        "initially_given": {
          "atoms": "10000000000",
          "decimal": "100",
        },
        "type": "CreateOrder",
      },
      {
        "destination": "tmt1qxrwc3gy2lgf4kvqwwfa388vn3cavgrqyyrgswe6",
        "type": "Transfer",
        "value": {
          "amount": {
            "atoms": "1703005604300000",
            "decimal": "17030.056043",
          },
          "type": "Coin",
        },
      },
      {
        "destination": "tmt1qxrwc3gy2lgf4kvqwwfa388vn3cavgrqyyrgswe6",
        "type": "Transfer",
        "value": {
          "amount": {
            "atoms": "90000000000",
            "decimal": "900",
          },
          "token_id": "tmltk1jzgup986mh3x9n5024svm4wtuf2qp5vedlgy5632wah0pjffwhpqgsvmuq",
          "type": "TokenV1",
        },
      },
    ],
  },
  "transaction_id": "e1b6ae17eb61672986728072d283baeb629ae6a19203609f3a9cace9c3ca4682",
}
`;
