// Jest Snapshot v1, https://goo.gl/fbAQLP

exports[`token mint - snapshot 1`] = `
{
  "BINRepresentation": {
    "inputs": [
      Uint8Array [
        2,
        28,
        0,
        144,
        145,
        192,
        148,
        250,
        221,
        226,
        98,
        206,
        143,
        85,
        96,
        205,
        213,
        203,
        226,
        84,
        0,
        209,
        153,
        111,
        208,
        74,
        106,
        42,
        119,
        110,
        240,
        201,
        41,
        117,
        194,
        19,
        0,
        0,
        232,
        137,
        4,
        35,
        199,
        138,
      ],
      Uint8Array [
        0,
        0,
        175,
        59,
        95,
        173,
        32,
        246,
        249,
        126,
        178,
        16,
        147,
        78,
        148,
        33,
        118,
        247,
        247,
        208,
        247,
        4,
        35,
        89,
        6,
        89,
        238,
        14,
        2,
        23,
        5,
        58,
        124,
        171,
        1,
        0,
        0,
        0,
      ],
    ],
    "outputs": [
      Uint8Array [
        0,
        2,
        144,
        145,
        192,
        148,
        250,
        221,
        226,
        98,
        206,
        143,
        85,
        96,
        205,
        213,
        203,
        226,
        84,
        0,
        209,
        153,
        111,
        208,
        74,
        106,
        42,
        119,
        110,
        240,
        201,
        41,
        117,
        194,
        19,
        0,
        0,
        232,
        137,
        4,
        35,
        199,
        138,
        1,
        37,
        251,
        149,
        197,
        95,
        128,
        227,
        123,
        29,
        119,
        192,
        45,
        12,
        14,
        232,
        83,
        248,
        51,
        113,
        111,
      ],
      Uint8Array [
        0,
        0,
        15,
        224,
        192,
        35,
        69,
        121,
        8,
        6,
        1,
        134,
        236,
        69,
        4,
        87,
        208,
        154,
        217,
        128,
        115,
        147,
        216,
        156,
        236,
        156,
        113,
        214,
        32,
        96,
        33,
      ],
    ],
    "transactionsize": 388,
  },
  "HEXRepresentation_unsigned": "010008021c009091c094fadde262ce8f5560cdd5cbe25400d1996fd04a6a2a776ef0c92975c2130000e8890423c78a0000af3b5fad20f6f97eb210934e942176f7f7d0f70423590659ee0e0217053a7cab010000000800029091c094fadde262ce8f5560cdd5cbe25400d1996fd04a6a2a776ef0c92975c2130000e8890423c78a0125fb95c55f80e37b1d77c02d0c0ee853f833716f00000fe0c023457908060186ec450457d09ad9807393d89cec9c71d6206021",
  "JSONRepresentation": {
    "fee": {
      "atoms": "5038800000000",
      "decimal": "50.388",
    },
    "id": "d180c488c508aea6684cd982831195bc31ba152c893ec7974d92edb06b85fd0d",
    "inputs": [
      {
        "input": {
          "amount": {
            "atoms": "10000000000000000000",
            "decimal": "100000000000",
          },
          "authority": "tmt1qyjlh9w9t7qwx7cawlqz6rqwapflsvm3dulgmxyx",
          "command": "MintTokens",
          "input_type": "AccountCommand",
          "nonce": 7,
          "token_id": "tmltk1jzgup986mh3x9n5024svm4wtuf2qp5vedlgy5632wah0pjffwhpqgsvmuq",
        },
        "utxo": null,
      },
      {
        "input": {
          "index": 1,
          "input_type": "UTXO",
          "source_id": "af3b5fad20f6f97eb210934e942176f7f7d0f70423590659ee0e0217053a7cab",
          "source_type": "Transaction",
        },
        "utxo": {
          "destination": "tmt1qxrwc3gy2lgf4kvqwwfa388vn3cavgrqyyrgswe6",
          "type": "Transfer",
          "value": {
            "amount": {
              "atoms": "1703205604300000",
              "decimal": "17032.056043",
            },
            "type": "Coin",
          },
        },
      },
    ],
    "outputs": [
      {
        "destination": "tmt1qyjlh9w9t7qwx7cawlqz6rqwapflsvm3dulgmxyx",
        "type": "Transfer",
        "value": {
          "amount": {
            "atoms": "10000000000000000000",
            "decimal": "100000000000",
          },
          "token_id": "tmltk1jzgup986mh3x9n5024svm4wtuf2qp5vedlgy5632wah0pjffwhpqgsvmuq",
          "type": "TokenV1",
        },
      },
      {
        "destination": "tmt1qxrwc3gy2lgf4kvqwwfa388vn3cavgrqyyrgswe6",
        "type": "Transfer",
        "value": {
          "amount": {
            "atoms": "1698166804300000",
            "decimal": "16981.668043",
          },
          "type": "Coin",
        },
      },
    ],
  },
  "transaction_id": "d180c488c508aea6684cd982831195bc31ba152c893ec7974d92edb06b85fd0d",
}
`;
