// Jest Snapshot v1, https://goo.gl/fbAQLP

exports[`buildTransaction for transfer token - snapshot 1`] = `
{
  "BINRepresentation": {
    "inputs": [
      Uint8Array [
        0,
        0,
        175,
        59,
        95,
        173,
        32,
        246,
        249,
        126,
        178,
        16,
        147,
        78,
        148,
        33,
        118,
        247,
        247,
        208,
        247,
        4,
        35,
        89,
        6,
        89,
        238,
        14,
        2,
        23,
        5,
        58,
        124,
        171,
        1,
        0,
        0,
        0,
      ],
      Uint8Array [
        0,
        0,
        205,
        206,
        228,
        164,
        72,
        35,
        151,
        140,
        197,
        2,
        69,
        239,
        245,
        24,
        165,
        98,
        196,
        70,
        30,
        116,
        254,
        226,
        206,
        47,
        70,
        202,
        222,
        130,
        47,
        101,
        126,
        13,
        0,
        0,
        0,
        0,
      ],
    ],
    "outputs": [
      Uint8Array [
        0,
        2,
        144,
        145,
        192,
        148,
        250,
        221,
        226,
        98,
        206,
        143,
        85,
        96,
        205,
        213,
        203,
        226,
        84,
        0,
        209,
        153,
        111,
        208,
        74,
        106,
        42,
        119,
        110,
        240,
        201,
        41,
        117,
        194,
        2,
        40,
        107,
        238,
        1,
        118,
        148,
        121,
        186,
        231,
        213,
        53,
        208,
        151,
        222,
        253,
        255,
        15,
        78,
        113,
        1,
        102,
        157,
        74,
        25,
      ],
      Uint8Array [
        0,
        0,
        15,
        224,
        116,
        42,
        83,
        177,
        12,
        6,
        1,
        134,
        236,
        69,
        4,
        87,
        208,
        154,
        217,
        128,
        115,
        147,
        216,
        156,
        236,
        156,
        113,
        214,
        32,
        96,
        33,
      ],
      Uint8Array [
        0,
        2,
        144,
        145,
        192,
        148,
        250,
        221,
        226,
        98,
        206,
        143,
        85,
        96,
        205,
        213,
        203,
        226,
        84,
        0,
        209,
        153,
        111,
        208,
        74,
        106,
        42,
        119,
        110,
        240,
        201,
        41,
        117,
        194,
        7,
        0,
        30,
        220,
        12,
        23,
        1,
        134,
        236,
        69,
        4,
        87,
        208,
        154,
        217,
        128,
        115,
        147,
        216,
        156,
        236,
        156,
        113,
        214,
        32,
        96,
        33,
      ],
    ],
    "transactionsize": 438,
  },
  "HEXRepresentation_unsigned": "0100080000af3b5fad20f6f97eb210934e942176f7f7d0f70423590659ee0e0217053a7cab010000000000cdcee4a44823978cc50245eff518a562c4461e74fee2ce2f46cade822f657e0d000000000c00029091c094fadde262ce8f5560cdd5cbe25400d1996fd04a6a2a776ef0c92975c202286bee01769479bae7d535d097defdff0f4e7101669d4a1900000fe0742a53b10c060186ec450457d09ad9807393d89cec9c71d620602100029091c094fadde262ce8f5560cdd5cbe25400d1996fd04a6a2a776ef0c92975c207001edc0c170186ec450457d09ad9807393d89cec9c71d6206021",
  "JSONRepresentation": {
    "fee": {
      "atoms": "400000000000",
      "decimal": "4",
    },
    "id": "b9c3a1306fc61d4c0a0af8b7a74bf98affec47d7b8f0f9e06a2f70e3a3d63437",
    "inputs": [
      {
        "input": {
          "index": 1,
          "input_type": "UTXO",
          "source_id": "af3b5fad20f6f97eb210934e942176f7f7d0f70423590659ee0e0217053a7cab",
          "source_type": "Transaction",
        },
        "utxo": {
          "destination": "tmt1qxrwc3gy2lgf4kvqwwfa388vn3cavgrqyyrgswe6",
          "type": "Transfer",
          "value": {
            "amount": {
              "atoms": "1703205604300000",
              "decimal": "17032.056043",
            },
            "type": "Coin",
          },
        },
      },
      {
        "input": {
          "index": 0,
          "input_type": "UTXO",
          "source_id": "cdcee4a44823978cc50245eff518a562c4461e74fee2ce2f46cade822f657e0d",
          "source_type": "Transaction",
        },
        "utxo": {
          "destination": "tmt1qyjlh9w9t7qwx7cawlqz6rqwapflsvm3dulgmxyx",
          "type": "Transfer",
          "value": {
            "amount": {
              "atoms": "100000000000",
              "decimal": "1000",
            },
            "token_id": "tmltk1jzgup986mh3x9n5024svm4wtuf2qp5vedlgy5632wah0pjffwhpqgsvmuq",
            "type": "TokenV1",
          },
        },
      },
    ],
    "outputs": [
      {
        "destination": "tmt1q9mfg7d6ul2nt5yhmm7l7r6wwyqkd822rymr83uc",
        "type": "Transfer",
        "value": {
          "amount": {
            "atoms": "1000000000",
            "decimal": "10",
          },
          "token_id": "tmltk1jzgup986mh3x9n5024svm4wtuf2qp5vedlgy5632wah0pjffwhpqgsvmuq",
          "type": "TokenV1",
        },
      },
      {
        "destination": "tmt1qxrwc3gy2lgf4kvqwwfa388vn3cavgrqyyrgswe6",
        "type": "Transfer",
        "value": {
          "amount": {
            "atoms": "1702805604300000",
            "decimal": "17028.056043",
          },
          "type": "Coin",
        },
      },
      {
        "destination": "tmt1qxrwc3gy2lgf4kvqwwfa388vn3cavgrqyyrgswe6",
        "type": "Transfer",
        "value": {
          "amount": {
            "atoms": "99000000000",
            "decimal": "990",
          },
          "token_id": "tmltk1jzgup986mh3x9n5024svm4wtuf2qp5vedlgy5632wah0pjffwhpqgsvmuq",
          "type": "TokenV1",
        },
      },
    ],
  },
  "transaction_id": "b9c3a1306fc61d4c0a0af8b7a74bf98affec47d7b8f0f9e06a2f70e3a3d63437",
}
`;
