// Jest Snapshot v1, https://goo.gl/fbAQLP

exports[`buildTransaction for transfer - snapshot 1`] = `
{
  "BINRepresentation": {
    "inputs": [
      Uint8Array [
        0,
        0,
        175,
        59,
        95,
        173,
        32,
        246,
        249,
        126,
        178,
        16,
        147,
        78,
        148,
        33,
        118,
        247,
        247,
        208,
        247,
        4,
        35,
        89,
        6,
        89,
        238,
        14,
        2,
        23,
        5,
        58,
        124,
        171,
        1,
        0,
        0,
        0,
      ],
    ],
    "outputs": [
      Uint8Array [
        0,
        0,
        7,
        0,
        16,
        165,
        212,
        232,
        1,
        118,
        148,
        121,
        186,
        231,
        213,
        53,
        208,
        151,
        222,
        253,
        255,
        15,
        78,
        113,
        1,
        102,
        157,
        74,
        25,
      ],
      Uint8Array [
        0,
        0,
        15,
        224,
        100,
        133,
        126,
        200,
        11,
        6,
        1,
        134,
        236,
        69,
        4,
        87,
        208,
        154,
        217,
        128,
        115,
        147,
        216,
        156,
        236,
        156,
        113,
        214,
        32,
        96,
        33,
      ],
    ],
    "transactionsize": 206,
  },
  "HEXRepresentation_unsigned": "0100040000af3b5fad20f6f97eb210934e942176f7f7d0f70423590659ee0e0217053a7cab01000000080000070010a5d4e801769479bae7d535d097defdff0f4e7101669d4a1900000fe064857ec80b060186ec450457d09ad9807393d89cec9c71d6206021",
  "JSONRepresentation": {
    "inputs": [
      {
        "input": {
          "index": 1,
          "input_type": "UTXO",
          "source_id": "af3b5fad20f6f97eb210934e942176f7f7d0f70423590659ee0e0217053a7cab",
          "source_type": "Transaction",
        },
        "utxo": {
          "destination": "tmt1qxrwc3gy2lgf4kvqwwfa388vn3cavgrqyyrgswe6",
          "type": "Transfer",
          "value": {
            "amount": {
              "atoms": "1703205604300000",
              "decimal": "17032.056043",
            },
            "type": "Coin",
          },
        },
      },
    ],
    "outputs": [
      {
        "destination": "tmt1q9mfg7d6ul2nt5yhmm7l7r6wwyqkd822rymr83uc",
        "type": "Transfer",
        "value": {
          "amount": {
            "atoms": "1000000000000",
            "decimal": "10",
          },
          "type": "Coin",
        },
      },
      {
        "destination": "tmt1qxrwc3gy2lgf4kvqwwfa388vn3cavgrqyyrgswe6",
        "type": "Transfer",
        "value": {
          "amount": {
            "atoms": "1701805604300000",
            "decimal": "17018.056043",
          },
          "type": "Coin",
        },
      },
    ],
  },
  "transaction_id": "05d9ec811338b736816f64965f17844cdbf45711f0892534f3f7408344052bcc",
}
`;
